
*** Running vivado
    with args -log microtick_counter.vds -m64 -product Vivado -mode batch -messageDb vivado.pb -notrace -source microtick_counter.tcl


****** Vivado v2021.2 (64-bit)
  **** SW Build 3367213 on Tue Oct 19 02:47:39 MDT 2021
  **** IP Build 3369179 on Thu Oct 21 08:25:16 MDT 2021
    ** Copyright 1986-2021 Xilinx, Inc. All Rights Reserved.

source microtick_counter.tcl -notrace
Command: synth_design -top microtick_counter -part xc7k70tfbv676-1
Starting synth_design
Attempting to get a license for feature 'Synthesis' and/or device 'xc7k70t'
INFO: [Common 17-349] Got license for feature 'Synthesis' and/or device 'xc7k70t'
INFO: [Synth 8-7079] Multithreading enabled for synth_design using a maximum of 4 processes.
INFO: [Synth 8-7078] Launching helper process for spawning children vivado processes
INFO: [Synth 8-7075] Helper process launched with PID 5482
---------------------------------------------------------------------------------
Starting Synthesize : Time (s): cpu = 00:00:04 ; elapsed = 00:00:05 . Memory (MB): peak = 2601.477 ; gain = 0.000 ; free physical = 737 ; free virtual = 12547
---------------------------------------------------------------------------------
INFO: [Synth 8-638] synthesizing module 'microtick_counter' [/home/angel/Documents/communication_controller/cs/microtick_counter.vhd:26]
INFO: [Synth 8-3491] module 'srff' declared at '/home/angel/Documents/communication_controller/cs/srff.vhd:5' bound to instance 'srff0' of component 'srff' [/home/angel/Documents/communication_controller/cs/microtick_counter.vhd:101]
INFO: [Synth 8-638] synthesizing module 'srff' [/home/angel/Documents/communication_controller/cs/srff.vhd:12]
INFO: [Synth 8-226] default block is never used [/home/angel/Documents/communication_controller/cs/srff.vhd:18]
INFO: [Synth 8-256] done synthesizing module 'srff' (1#1) [/home/angel/Documents/communication_controller/cs/srff.vhd:12]
INFO: [Synth 8-3491] module 'tri_state_buffer' declared at '/home/angel/Documents/communication_controller/cs/buffer.vhd:4' bound to instance 'buffer0' of component 'tri_state_buffer' [/home/angel/Documents/communication_controller/cs/microtick_counter.vhd:104]
INFO: [Synth 8-638] synthesizing module 'tri_state_buffer' [/home/angel/Documents/communication_controller/cs/buffer.vhd:11]
INFO: [Synth 8-256] done synthesizing module 'tri_state_buffer' (2#1) [/home/angel/Documents/communication_controller/cs/buffer.vhd:11]
INFO: [Synth 8-3491] module 'micro_counter' declared at '/home/angel/Documents/communication_controller/cs/micro_counter.vhd:5' bound to instance 'counter0' of component 'micro_counter' [/home/angel/Documents/communication_controller/cs/microtick_counter.vhd:110]
INFO: [Synth 8-638] synthesizing module 'micro_counter' [/home/angel/Documents/communication_controller/cs/micro_counter.vhd:12]
WARNING: [Synth 8-614] signal 'en' is read in the process but is not in the sensitivity list [/home/angel/Documents/communication_controller/cs/micro_counter.vhd:15]
INFO: [Synth 8-256] done synthesizing module 'micro_counter' (3#1) [/home/angel/Documents/communication_controller/cs/micro_counter.vhd:12]
	Parameter d_len bound to: 4 - type: integer 
	Parameter q_len bound to: 4 - type: integer 
INFO: [Synth 8-3491] module 'dff' declared at '/home/angel/Documents/communication_controller/cs/dff.vhd:4' bound to instance 'dff0' of component 'dff' [/home/angel/Documents/communication_controller/cs/microtick_counter.vhd:114]
INFO: [Synth 8-638] synthesizing module 'dff' [/home/angel/Documents/communication_controller/cs/dff.vhd:12]
	Parameter d_len bound to: 4 - type: integer 
	Parameter q_len bound to: 4 - type: integer 
INFO: [Synth 8-226] default block is never used [/home/angel/Documents/communication_controller/cs/dff.vhd:20]
WARNING: [Synth 8-614] signal 'en' is read in the process but is not in the sensitivity list [/home/angel/Documents/communication_controller/cs/dff.vhd:16]
INFO: [Synth 8-256] done synthesizing module 'dff' (4#1) [/home/angel/Documents/communication_controller/cs/dff.vhd:12]
INFO: [Synth 8-3491] module 'micro_comparator' declared at '/home/angel/Documents/communication_controller/cs/micro_comparator.vhd:4' bound to instance 'comparator0' of component 'micro_comparator' [/home/angel/Documents/communication_controller/cs/microtick_counter.vhd:119]
INFO: [Synth 8-638] synthesizing module 'micro_comparator' [/home/angel/Documents/communication_controller/cs/micro_comparator.vhd:11]
WARNING: [Synth 8-614] signal 'en' is read in the process but is not in the sensitivity list [/home/angel/Documents/communication_controller/cs/micro_comparator.vhd:13]
INFO: [Synth 8-256] done synthesizing module 'micro_comparator' (5#1) [/home/angel/Documents/communication_controller/cs/micro_comparator.vhd:11]
	Parameter d_len bound to: 4 - type: integer 
	Parameter q_len bound to: 4 - type: integer 
INFO: [Synth 8-3491] module 'dff' declared at '/home/angel/Documents/communication_controller/cs/dff.vhd:4' bound to instance 'dff1' of component 'dff' [/home/angel/Documents/communication_controller/cs/microtick_counter.vhd:122]
	Parameter d_len bound to: 45 - type: integer 
	Parameter q_len bound to: 45 - type: integer 
INFO: [Synth 8-3491] module 'dff' declared at '/home/angel/Documents/communication_controller/cs/dff.vhd:4' bound to instance 'dff2' of component 'dff' [/home/angel/Documents/communication_controller/cs/microtick_counter.vhd:125]
INFO: [Synth 8-638] synthesizing module 'dff__parameterized2' [/home/angel/Documents/communication_controller/cs/dff.vhd:12]
	Parameter d_len bound to: 45 - type: integer 
	Parameter q_len bound to: 45 - type: integer 
INFO: [Synth 8-226] default block is never used [/home/angel/Documents/communication_controller/cs/dff.vhd:20]
WARNING: [Synth 8-614] signal 'en' is read in the process but is not in the sensitivity list [/home/angel/Documents/communication_controller/cs/dff.vhd:16]
INFO: [Synth 8-256] done synthesizing module 'dff__parameterized2' (5#1) [/home/angel/Documents/communication_controller/cs/dff.vhd:12]
INFO: [Synth 8-3491] module 'vbit_fsm' declared at '/home/angel/Documents/communication_controller/cs/vbit_fsm.vhd:5' bound to instance 'vbit_fsm0' of component 'vbit_fsm' [/home/angel/Documents/communication_controller/cs/microtick_counter.vhd:128]
INFO: [Synth 8-638] synthesizing module 'vbit_fsm' [/home/angel/Documents/communication_controller/cs/vbit_fsm.vhd:20]
INFO: [Synth 8-256] done synthesizing module 'vbit_fsm' (6#1) [/home/angel/Documents/communication_controller/cs/vbit_fsm.vhd:20]
INFO: [Synth 8-256] done synthesizing module 'microtick_counter' (7#1) [/home/angel/Documents/communication_controller/cs/microtick_counter.vhd:26]
---------------------------------------------------------------------------------
Finished Synthesize : Time (s): cpu = 00:00:05 ; elapsed = 00:00:06 . Memory (MB): peak = 2601.477 ; gain = 0.000 ; free physical = 439 ; free virtual = 12247
---------------------------------------------------------------------------------
---------------------------------------------------------------------------------
Finished Constraint Validation : Time (s): cpu = 00:00:06 ; elapsed = 00:00:06 . Memory (MB): peak = 2601.477 ; gain = 0.000 ; free physical = 435 ; free virtual = 12243
---------------------------------------------------------------------------------
---------------------------------------------------------------------------------
Start Loading Part and Timing Information
---------------------------------------------------------------------------------
Loading part: xc7k70tfbv676-1
INFO: [Device 21-403] Loading part xc7k70tfbv676-1
---------------------------------------------------------------------------------
Finished Loading Part and Timing Information : Time (s): cpu = 00:00:06 ; elapsed = 00:00:06 . Memory (MB): peak = 2609.336 ; gain = 7.859 ; free physical = 434 ; free virtual = 12242
---------------------------------------------------------------------------------
WARNING: [Synth 8-7134] Asynchronous Set/Reset value of 'Z' to reg 'q_reg' will be ignored
WARNING: [Synth 8-7134] Asynchronous Set/Reset value of 'Z' to reg 'q_reg' will be ignored
WARNING: [Synth 8-7134] Asynchronous Set/Reset value of 'Z' to reg 'q_reg' will be ignored
WARNING: [Synth 8-7134] Asynchronous Set/Reset value of 'Z' to reg 'q_reg' will be ignored
WARNING: [Synth 8-7134] Asynchronous Set/Reset value of 'Z' to reg 'sync_status_reg' will be ignored
WARNING: [Synth 8-7134] Asynchronous Set/Reset value of 'Z' to reg 'q_reg' will be ignored
WARNING: [Synth 8-7134] Asynchronous Set/Reset value of 'Z' to reg 'q_reg' will be ignored
WARNING: [Synth 8-7134] Asynchronous Set/Reset value of 'Z' to reg 'q_reg' will be ignored
WARNING: [Synth 8-7134] Asynchronous Set/Reset value of 'Z' to reg 'q_reg' will be ignored
WARNING: [Synth 8-7134] Asynchronous Set/Reset value of 'Z' to reg 'q_reg' will be ignored
WARNING: [Synth 8-7134] Asynchronous Set/Reset value of 'Z' to reg 'q_reg' will be ignored
WARNING: [Synth 8-7134] Asynchronous Set/Reset value of 'Z' to reg 'q_reg' will be ignored
WARNING: [Synth 8-7134] Asynchronous Set/Reset value of 'Z' to reg 'q_reg' will be ignored
WARNING: [Synth 8-7134] Asynchronous Set/Reset value of 'Z' to reg 'q_reg' will be ignored
WARNING: [Synth 8-7134] Asynchronous Set/Reset value of 'Z' to reg 'q_reg' will be ignored
WARNING: [Synth 8-7134] Asynchronous Set/Reset value of 'Z' to reg 'q_reg' will be ignored
WARNING: [Synth 8-7134] Asynchronous Set/Reset value of 'Z' to reg 'q_reg' will be ignored
WARNING: [Synth 8-7134] Asynchronous Set/Reset value of 'Z' to reg 'q_reg' will be ignored
WARNING: [Synth 8-7134] Asynchronous Set/Reset value of 'Z' to reg 'q_reg' will be ignored
WARNING: [Synth 8-7134] Asynchronous Set/Reset value of 'Z' to reg 'q_reg' will be ignored
WARNING: [Synth 8-7134] Asynchronous Set/Reset value of 'Z' to reg 'q_reg' will be ignored
WARNING: [Synth 8-7134] Asynchronous Set/Reset value of 'Z' to reg 'q_reg' will be ignored
WARNING: [Synth 8-7134] Asynchronous Set/Reset value of 'Z' to reg 'q_reg' will be ignored
WARNING: [Synth 8-7134] Asynchronous Set/Reset value of 'Z' to reg 'q_reg' will be ignored
WARNING: [Synth 8-7134] Asynchronous Set/Reset value of 'Z' to reg 'q_reg' will be ignored
WARNING: [Synth 8-7134] Asynchronous Set/Reset value of 'Z' to reg 'q_reg' will be ignored
WARNING: [Synth 8-7134] Asynchronous Set/Reset value of 'Z' to reg 'q_reg' will be ignored
WARNING: [Synth 8-7134] Asynchronous Set/Reset value of 'Z' to reg 'q_reg' will be ignored
WARNING: [Synth 8-7134] Asynchronous Set/Reset value of 'Z' to reg 'q_reg' will be ignored
WARNING: [Synth 8-7134] Asynchronous Set/Reset value of 'Z' to reg 'q_reg' will be ignored
WARNING: [Synth 8-7134] Asynchronous Set/Reset value of 'Z' to reg 'q_reg' will be ignored
WARNING: [Synth 8-7134] Asynchronous Set/Reset value of 'Z' to reg 'q_reg' will be ignored
WARNING: [Synth 8-7134] Asynchronous Set/Reset value of 'Z' to reg 'q_reg' will be ignored
WARNING: [Synth 8-7134] Asynchronous Set/Reset value of 'Z' to reg 'q_reg' will be ignored
WARNING: [Synth 8-7134] Asynchronous Set/Reset value of 'Z' to reg 'q_reg' will be ignored
WARNING: [Synth 8-7134] Asynchronous Set/Reset value of 'Z' to reg 'q_reg' will be ignored
WARNING: [Synth 8-7134] Asynchronous Set/Reset value of 'Z' to reg 'q_reg' will be ignored
WARNING: [Synth 8-7134] Asynchronous Set/Reset value of 'Z' to reg 'q_reg' will be ignored
WARNING: [Synth 8-7134] Asynchronous Set/Reset value of 'Z' to reg 'q_reg' will be ignored
WARNING: [Synth 8-7134] Asynchronous Set/Reset value of 'Z' to reg 'q_reg' will be ignored
WARNING: [Synth 8-7134] Asynchronous Set/Reset value of 'Z' to reg 'q_reg' will be ignored
WARNING: [Synth 8-7134] Asynchronous Set/Reset value of 'Z' to reg 'q_reg' will be ignored
WARNING: [Synth 8-7134] Asynchronous Set/Reset value of 'Z' to reg 'q_reg' will be ignored
WARNING: [Synth 8-7134] Asynchronous Set/Reset value of 'Z' to reg 'q_reg' will be ignored
WARNING: [Synth 8-7134] Asynchronous Set/Reset value of 'Z' to reg 'q_reg' will be ignored
WARNING: [Synth 8-7134] Asynchronous Set/Reset value of 'Z' to reg 'q_reg' will be ignored
WARNING: [Synth 8-7134] Asynchronous Set/Reset value of 'Z' to reg 'q_reg' will be ignored
WARNING: [Synth 8-7134] Asynchronous Set/Reset value of 'Z' to reg 'q_reg' will be ignored
WARNING: [Synth 8-7134] Asynchronous Set/Reset value of 'Z' to reg 'q_reg' will be ignored
WARNING: [Synth 8-7134] Asynchronous Set/Reset value of 'Z' to reg 'q_reg' will be ignored
WARNING: [Synth 8-327] inferring latch for variable 'validity_bit_reg' [/home/angel/Documents/communication_controller/cs/vbit_fsm.vhd:40]
WARNING: [Synth 8-327] inferring latch for variable 'nxt_state_reg' [/home/angel/Documents/communication_controller/cs/vbit_fsm.vhd:31]
---------------------------------------------------------------------------------
Finished RTL Optimization Phase 2 : Time (s): cpu = 00:00:06 ; elapsed = 00:00:07 . Memory (MB): peak = 2609.336 ; gain = 7.859 ; free physical = 1279 ; free virtual = 13092
---------------------------------------------------------------------------------
No constraint files found.
---------------------------------------------------------------------------------
Start RTL Component Statistics 
---------------------------------------------------------------------------------
Detailed RTL Component Info : 
+---Adders : 
	   2 Input    2 Bit       Adders := 1     
+---Registers : 
	                3 Bit    Registers := 1     
	                2 Bit    Registers := 2     
+---Muxes : 
	   6 Input    3 Bit        Muxes := 1     
	   2 Input    1 Bit        Muxes := 5     
	   6 Input    1 Bit        Muxes := 2     
---------------------------------------------------------------------------------
Finished RTL Component Statistics 
---------------------------------------------------------------------------------
---------------------------------------------------------------------------------
Start Part Resource Summary
---------------------------------------------------------------------------------
Part Resources:
DSPs: 240 (col length:80)
BRAMs: 270 (col length: RAMB18 80 RAMB36 40)
---------------------------------------------------------------------------------
Finished Part Resource Summary
---------------------------------------------------------------------------------
No constraint files found.
---------------------------------------------------------------------------------
Start Cross Boundary and Area Optimization
---------------------------------------------------------------------------------
WARNING: [Synth 8-7080] Parallel synthesis criteria is not met
---------------------------------------------------------------------------------
Finished Cross Boundary and Area Optimization : Time (s): cpu = 00:00:11 ; elapsed = 00:00:11 . Memory (MB): peak = 2609.336 ; gain = 7.859 ; free physical = 1069 ; free virtual = 12914
---------------------------------------------------------------------------------
No constraint files found.
---------------------------------------------------------------------------------
Start Timing Optimization
---------------------------------------------------------------------------------
---------------------------------------------------------------------------------
Finished Timing Optimization : Time (s): cpu = 00:00:11 ; elapsed = 00:00:12 . Memory (MB): peak = 2609.336 ; gain = 7.859 ; free physical = 1066 ; free virtual = 12912
---------------------------------------------------------------------------------
---------------------------------------------------------------------------------
Start Technology Mapping
---------------------------------------------------------------------------------
---------------------------------------------------------------------------------
Finished Technology Mapping : Time (s): cpu = 00:00:11 ; elapsed = 00:00:12 . Memory (MB): peak = 2609.336 ; gain = 7.859 ; free physical = 1066 ; free virtual = 12912
---------------------------------------------------------------------------------
---------------------------------------------------------------------------------
Start IO Insertion
---------------------------------------------------------------------------------
---------------------------------------------------------------------------------
Start Flattening Before IO Insertion
---------------------------------------------------------------------------------
---------------------------------------------------------------------------------
Finished Flattening Before IO Insertion
---------------------------------------------------------------------------------
---------------------------------------------------------------------------------
Start Final Netlist Cleanup
---------------------------------------------------------------------------------
---------------------------------------------------------------------------------
Finished Final Netlist Cleanup
---------------------------------------------------------------------------------
---------------------------------------------------------------------------------
Finished IO Insertion : Time (s): cpu = 00:00:15 ; elapsed = 00:00:16 . Memory (MB): peak = 2609.336 ; gain = 7.859 ; free physical = 1064 ; free virtual = 12913
---------------------------------------------------------------------------------
---------------------------------------------------------------------------------
Start Renaming Generated Instances
---------------------------------------------------------------------------------
---------------------------------------------------------------------------------
Finished Renaming Generated Instances : Time (s): cpu = 00:00:15 ; elapsed = 00:00:16 . Memory (MB): peak = 2609.336 ; gain = 7.859 ; free physical = 1064 ; free virtual = 12913
---------------------------------------------------------------------------------
---------------------------------------------------------------------------------
Start Rebuilding User Hierarchy
---------------------------------------------------------------------------------
---------------------------------------------------------------------------------
Finished Rebuilding User Hierarchy : Time (s): cpu = 00:00:15 ; elapsed = 00:00:16 . Memory (MB): peak = 2609.336 ; gain = 7.859 ; free physical = 1064 ; free virtual = 12913
---------------------------------------------------------------------------------
---------------------------------------------------------------------------------
Start Renaming Generated Ports
---------------------------------------------------------------------------------
---------------------------------------------------------------------------------
Finished Renaming Generated Ports : Time (s): cpu = 00:00:15 ; elapsed = 00:00:16 . Memory (MB): peak = 2609.336 ; gain = 7.859 ; free physical = 1064 ; free virtual = 12913
---------------------------------------------------------------------------------
---------------------------------------------------------------------------------
Start Handling Custom Attributes
---------------------------------------------------------------------------------
---------------------------------------------------------------------------------
Finished Handling Custom Attributes : Time (s): cpu = 00:00:15 ; elapsed = 00:00:16 . Memory (MB): peak = 2609.336 ; gain = 7.859 ; free physical = 1064 ; free virtual = 12913
---------------------------------------------------------------------------------
---------------------------------------------------------------------------------
Start Renaming Generated Nets
---------------------------------------------------------------------------------
---------------------------------------------------------------------------------
Finished Renaming Generated Nets : Time (s): cpu = 00:00:15 ; elapsed = 00:00:16 . Memory (MB): peak = 2609.336 ; gain = 7.859 ; free physical = 1064 ; free virtual = 12913
---------------------------------------------------------------------------------
---------------------------------------------------------------------------------
Start Writing Synthesis Report
---------------------------------------------------------------------------------

Report BlackBoxes: 
+-+--------------+----------+
| |BlackBox name |Instances |
+-+--------------+----------+
+-+--------------+----------+

Report Cell Usage: 
+------+-----+------+
|      |Cell |Count |
+------+-----+------+
|1     |BUFG |     1|
|2     |LUT1 |     4|
|3     |LUT2 |     5|
|4     |LUT3 |     3|
|5     |LUT4 |     1|
|6     |LUT6 |     2|
|7     |FDCE |    15|
|8     |FDRE |     2|
|9     |LD   |     4|
|10    |LDC  |     1|
|11    |IBUF |    11|
|12    |OBUF |    51|
+------+-----+------+

Report Instance Areas: 
+------+--------------+--------------------+------+
|      |Instance      |Module              |Cells |
+------+--------------+--------------------+------+
|1     |top           |                    |   100|
|2     |  comparator0 |micro_comparator    |     1|
|3     |  counter0    |micro_counter       |     4|
|4     |  dff0        |dff                 |     3|
|5     |  dff1        |dff_0               |     2|
|6     |  dff2        |dff__parameterized2 |     6|
|7     |  srff0       |srff                |     9|
|8     |  vbit_fsm0   |vbit_fsm            |    12|
+------+--------------+--------------------+------+
---------------------------------------------------------------------------------
Finished Writing Synthesis Report : Time (s): cpu = 00:00:15 ; elapsed = 00:00:16 . Memory (MB): peak = 2609.336 ; gain = 7.859 ; free physical = 1064 ; free virtual = 12913
---------------------------------------------------------------------------------
Synthesis finished with 0 errors, 0 critical warnings and 57 warnings.
Synthesis Optimization Runtime : Time (s): cpu = 00:00:15 ; elapsed = 00:00:16 . Memory (MB): peak = 2609.336 ; gain = 7.859 ; free physical = 1066 ; free virtual = 12915
Synthesis Optimization Complete : Time (s): cpu = 00:00:15 ; elapsed = 00:00:16 . Memory (MB): peak = 2609.344 ; gain = 7.859 ; free physical = 1066 ; free virtual = 12915
INFO: [Project 1-571] Translating synthesized netlist
Netlist sorting complete. Time (s): cpu = 00:00:00 ; elapsed = 00:00:00 . Memory (MB): peak = 2609.344 ; gain = 0.000 ; free physical = 1152 ; free virtual = 13001
INFO: [Netlist 29-17] Analyzing 5 Unisim elements for replacement
INFO: [Netlist 29-28] Unisim Transformation completed in 0 CPU seconds
INFO: [Project 1-570] Preparing netlist for logic optimization
INFO: [Opt 31-138] Pushed 0 inverter(s) to 0 load pin(s).
Netlist sorting complete. Time (s): cpu = 00:00:00 ; elapsed = 00:00:00 . Memory (MB): peak = 2633.348 ; gain = 0.000 ; free physical = 1049 ; free virtual = 12913
INFO: [Project 1-111] Unisim Transformation Summary:
  A total of 5 instances were transformed.
  LD => LDCE: 4 instances
  LDC => LDCE: 1 instance 

Synth Design complete, checksum: ed0c9d84
INFO: [Common 17-83] Releasing license: Synthesis
39 Infos, 57 Warnings, 0 Critical Warnings and 0 Errors encountered.
synth_design completed successfully
synth_design: Time (s): cpu = 00:00:24 ; elapsed = 00:00:18 . Memory (MB): peak = 2633.348 ; gain = 32.016 ; free physical = 1250 ; free virtual = 13114
INFO: [Common 17-1381] The checkpoint '/home/angel/cs_tb/cs_tb.runs/synth_1/microtick_counter.dcp' has been generated.
INFO: [runtcl-4] Executing : report_utilization -file microtick_counter_utilization_synth.rpt -pb microtick_counter_utilization_synth.pb
INFO: [Common 17-206] Exiting Vivado at Mon Jul  4 12:12:44 2022...
